// Jest Snapshot v1, https://goo.gl/fbAQLP

exports[`Root component should render correctly 1`] = `<Connect(UserManagementPage) />`;
